// Jest Snapshot v1, https://goo.gl/fbAQLP

exports[`Home renders the basic page 1`] = `
<div>
  <section>
    <h1>
      Hello, basketball league page!
    </h1>
    <section>
      <h3>
        Standings 
      </h3>
      <a
        class="relative items-center tap-highlight-transparent outline-none data-[focus-visible=true]:z-10 data-[focus-visible=true]:outline-2 data-[focus-visible=true]:outline-focus data-[focus-visible=true]:outline-offset-2 text-medium text-primary no-underline hover:opacity-80 active:opacity-disabled transition-opacity block"
        data-testid="standing-link"
        href="/basketball/men-open/standing"
        role="link"
        tabindex="0"
      >
        男篮2024-2025赛季
      </a>
      <a
        class="relative items-center tap-highlight-transparent outline-none data-[focus-visible=true]:z-10 data-[focus-visible=true]:outline-2 data-[focus-visible=true]:outline-focus data-[focus-visible=true]:outline-offset-2 text-medium text-primary no-underline hover:opacity-80 active:opacity-disabled transition-opacity block"
        data-testid="standing-link"
        href="/basketball/women-open/standing"
        role="link"
        tabindex="0"
      >
        女篮2024-2025赛季
      </a>
    </section>
    <br />
    <section>
      <h3>
        Teams
      </h3>
      <a
        class="relative items-center tap-highlight-transparent outline-none data-[focus-visible=true]:z-10 data-[focus-visible=true]:outline-2 data-[focus-visible=true]:outline-focus data-[focus-visible=true]:outline-offset-2 text-medium text-primary no-underline hover:opacity-80 active:opacity-disabled transition-opacity block"
        data-testid="teams-link"
        href="/basketball/men-open/teams"
        role="link"
        tabindex="0"
      >
        男篮2024-2025赛季
      </a>
      <a
        class="relative items-center tap-highlight-transparent outline-none data-[focus-visible=true]:z-10 data-[focus-visible=true]:outline-2 data-[focus-visible=true]:outline-focus data-[focus-visible=true]:outline-offset-2 text-medium text-primary no-underline hover:opacity-80 active:opacity-disabled transition-opacity block"
        data-testid="teams-link"
        href="/basketball/women-open/teams"
        role="link"
        tabindex="0"
      >
        女篮2024-2025赛季
      </a>
    </section>
    <br />
    <section>
      <div
        class="grid grid-cols-5 bg-slate-950 h-72"
      >
        <div
          class=" col-span-2 text-white self-center items-center grid justify-items-center mt-7"
        >
          <h3
            class="font-semibold text-3xl "
          >
            News At 
            <span
              class="text-orange-700"
            >
              SVCSA
            </span>
          </h3>
          <button
            class="z-0 group relative inline-flex items-center justify-center box-border appearance-none select-none whitespace-nowrap font-normal subpixel-antialiased overflow-hidden tap-highlight-transparent outline-none data-[focus-visible=true]:z-10 data-[focus-visible=true]:outline-2 data-[focus-visible=true]:outline-focus data-[focus-visible=true]:outline-offset-2 px-unit-4 min-w-unit-20 h-unit-10 text-small gap-unit-2 rounded-medium [&>svg]:max-w-[theme(spacing.unit-8)] data-[pressed=true]:scale-[0.97] transition-transform-colors-opacity motion-reduce:transition-none data-[hover=true]:opacity-hover bg-orange-700 text-white mt-3 cursor-pointer"
            type="button"
          >
            More news
          </button>
        </div>
        <p>
          Loading...
        </p>
      </div>
    </section>
  </section>
</div>
`;
